GAMS 24.4.2  r51415 Released Mar 15, 2015 DEX-DEG x86 64bit/MacOS X                                                                                                                                                                    05/21/15 10:41:27 Page 1
G e n e r a l   A l g e b r a i c   M o d e l i n g   S y s t e m
C o m p i l a t i o n


   1  SETS
   2   
   3          i / N,G,D,T,M,A,Z /
   4          m / C, E, TM, R /
   5          k / Tipo1, Tipo2/
   6          alias (j,i);
   7   
   8  PARAMETERS
   9          cota(k)
  10          /
  11                  Tipo1            100
  12                  Tipo2            100
  13  *                Tipo3            40
  14          /
  15   
  16          av(i)
  17          /
  18                  N               800
  19                  G               500
  20                  D               0
  21                  T               0
  22                  M               0
  23                  A               0
  24                  Z               0
  25          /
  26   
  27          d(i)
  28          /
  29                  N               0
  30                  G               0
  31                  D               0
  32                  T               0
  33                  M               0
  34                  A               750
  35                  Z               300
  36          /
  37   
  38          cap(k)
  39          /
  40                  Tipo1            1.5
  41                  Tipo2            2
  42  *               Tipo3            3
  43          /
  44   
  45          velv(k)
  46          /
  47                  Tipo1    90
  48                  Tipo2    95
  49  *                Tipo3    85
  50          /
  51   
  52          alpha(m)
  53          /
GAMS 24.4.2  r51415 Released Mar 15, 2015 DEX-DEG x86 64bit/MacOS X                                                                                                                                                                    05/21/15 10:41:27 Page 2
G e n e r a l   A l g e b r a i c   M o d e l i n g   S y s t e m
C o m p i l a t i o n


  54                  C      1
  55                  E      1
  56                  TM     1
  57                  R      1
  58          /
  59          t(m)
  60          /
  61                  C      70000
  62                  E      0.4
  63                  TM     100
  64                  R      0.997
  65          /
  66   
  67          qglobal
  68          budget
  69          logprob(i,j)
  70          logrel(i,j)
  71          dist(i,j)
  72  ;
  73   
  74  TABLE cf(i,j,k)
  75   
  76                       N.Tipo1          G.Tipo1         D.Tipo1          T.Tipo1          M.Tipo1          A.Tipo1            Z.Tipo1
  77          N               0               10               10               10               10               10                10
  78          G               10              0                10               10               10               10                10
  79          D               10              10               0                10               10               10                10
  80          T               10              10               10               0                10               10                10
  81          M               10              10               10               10               0                10                10
  82          A               10              10               10               10               10               0                 10
  83          Z               10              10               10               10               10               10                0
  84   
  85          +            N.Tipo2          G.Tipo2         D.Tipo2           T.Tipo2         M.Tipo2           A.Tipo2            Z.Tipo2
  86          N               0                15               15               15               15               15                15
  87          G               15               0                15               15               15               15                15
  88          D               15               15               0                15               15               15                15
  89          T               15               15               15               0                15               15                15
  90          M               15               15               15               15               0                15                15
  91          A               15               15               15               15               15               0                 15
  92          Z               15               15               15               15               15               15                0
  93   
  94  *        +             N.Tipo3          G.Tipo3         D.Tipo3          T.Tipo3          M.Tipo3          A.Tipo3            Z.Tipo3
  95  *        N               0                20               20               20               20               20                20
  96  *        G               20               0                20               20               20               20                20
  97  *        D               20               20               0                20               20               20                20
  98  *        T               20               20               20               0                20               20                20
  99  *        M               20               20               20               20               0                20                20
 100  *        A               20               20               20               20               20               0                 20
 101  *        Z               20               20               20               20               20               20                0
 102  ;
 103   
 104  TABLE cv(i,j)
 105   
 106                          N                  G                 D                 T                 M                 A                  Z
GAMS 24.4.2  r51415 Released Mar 15, 2015 DEX-DEG x86 64bit/MacOS X                                                                                                                                                                    05/21/15 10:41:27 Page 3
G e n e r a l   A l g e b r a i c   M o d e l i n g   S y s t e m
C o m p i l a t i o n


 107          N               0                 2.5               2.5               2.5               2.5               2.5                2.5
 108          G               2.5               0                 2.5               2.5               2.5               2.5                2.5
 109          D               2.5               2.5               0                 2.5               2.5               2.5                2.5
 110          T               2.5               2.5               2.5               0                 2.5               2.5                2.5
 111          M               2.5               2.5               2.5               2.5               0                 2.5                2.5
 112          A               2.5               2.5               2.5               2.5               2.5               0                  2.5
 113          Z               2.5               2.5               2.5               2.5               2.5               2.5                0
 114   
 115  ;
 116   
 117  TABLE velc(i,j)
 118   
 119                          N               G               D               T               M               A               Z
 120          N               0               80              50              30              80              20              40
 121          G               80              0               80              50              10              20              20
 122          D               50              80              0               10              10              10              20
 123          T               30              50              10              0               50              90              50
 124          M               80              10              10              50              0               10              50
 125          A               20              20              10              90              10              0               50
 126          Z               40              20              20              50              50              50              0
 127  ;
 128   
      TABLE prob(i,j)
       
                              N        G        D        T        M        A        Z
              N               1        0.9783   0.9782   0.978    1        1        1
              G               0.9783   1        0.9786   1        0.9789   1        1
              D               0.9782   0.9786   1        0.9791   0.9788   1        1
              T               0.978    1        0.9791   1        0.9785   0.9791   1
              M               1        0.9789   0.9788   0.9789   1        1        0.9787
              A               1        1        1        0.9791   1        1        0.9792
              Z               1        1        1        1        0.9787   0.9792   1
       
      ;
       
       
      *TABLE rel(i,j)
      *
                              N             G             D             T             M             A             Z
              N               0.000001      0.9983        0.9982        0.998         0.000001      0.000001      0.000001
              G               0.9983        0.000001      0.9986        0.000001      0.9989        0.000001      0.000001
              D               0.9982        0.9986        0.000001      0.9991        0.9955        0.000001      0.000001
              T               0.998         0.000001      0.9991        0.000001      0.9985        0.9991        0.000001
              M               0.000001      0.9989        0.9955        0.9989        0.000001      0.000001      0.9987
              A               0.000001      0.000001      0.000001      0.9991        0.000001      0.000001      0.9992
              Z               0.000001      0.000001      0.000001      0.000001      0.9987        0.9992        0.000001
      ;
 156  TABLE vav(k,i)
 157   
 158                          N               G               D               T               M               A               Z
 159          Tipo1           60              55              10              8               5               0               0
 160          Tipo2           30              45              15              28              5               0               0
 161  *        Tipo3           20              40              20              30              5               0               0
GAMS 24.4.2  r51415 Released Mar 15, 2015 DEX-DEG x86 64bit/MacOS X                                                                                                                                                                    05/21/15 10:41:27 Page 4
G e n e r a l   A l g e b r a i c   M o d e l i n g   S y s t e m
C o m p i l a t i o n


 162  ;
 163  TABLE dist(i,j) distancia de i a j
 164                         N        G        D        T        M        A        Z
 165          N              0       200      100      450       0        0        0
 166          G             200       0       100       0       600       0        0
 167          D             100      100       0       350      400       0        0
 168          T             450       0       350       0       250      400       0
 169          M              0       600      400      250       0        0       250
 170          A              0        0        0       400       0        0       550
 171          Z              0        0        0        0       250      550       0;
 172   
      TABLE dist(i,j) distancia de i a j
                             N        G        D        T        M        A        Z
              N              0       200      100      450       0        0        0
              G              0        0       100       0       600       0        0
              D              0        0        0       350      400       0        0
              T              0        0        0        0       250      400       0
              M              0        0        0        0        0        0       250
              A              0        0        0        0        0        0       550
              Z              0        0        0        0        0        0        0
      ;
 185   
 186  budget = 80000 ;
 187  qglobal = 500 ;
 188  cf(i,j,k)=cf(i,j,k)/100;
 189  cv(i,j)=cv(i,j)/100;
 190  *logprob(i,j) = log(prob(i,j));
 191  *logrel(i,j) = log(rel(i,j));
 192   
 193  VARIABLES
 194  X(i,j,k) numero de vehiculos k de ciudad i a j
 195  carga(i,j,k) carga de ciudad i a j con vehiculo tipo k
 196  Y(i,j,k) uno si vehiculo tipo k viaja de i a j
 197  load(i) cantidad de carga que se queda en i
 198  Time(i) tiempo en llegar a la ciudad i
 199  *cairstay(i,k) numero de vehiculos k que se queda en i
 200  Coste Coste total
 201  Equidad
 202  Tiempo
 203  ;
 204  positive variable X
 205  positive variable carga
 206  positive variable load
 207  positive variable Time
 208  binary variable Y
 209  *positive variable carstay
 210   
 211  EQUATIONS
 212  FOBJETIVO1 restriccion de la funcion objectivo cost
 213  FOBJETIVO2 equidad
 214  FOBJETIVO3 tiempo
 215   
 216  flujoAyuda lo que sale tiene que ser igual a lo que llega
GAMS 24.4.2  r51415 Released Mar 15, 2015 DEX-DEG x86 64bit/MacOS X                                                                                                                                                                    05/21/15 10:41:27 Page 5
G e n e r a l   A l g e b r a i c   M o d e l i n g   S y s t e m
C o m p i l a t i o n


 217  flujoCoche lo que sale tiene que ser igual o menor a lo que llega
 218  flow lo que queda tiene que ser menor que la demanda mas la oferta
 219  demandatot lo que llega de A y Z es igual a quinientos
 220  cargacapa la carga tiene que ser menor que lo que podemos transportar
 221  maxbudget budget maximo
 222  resTiempo
 223  res8
 224  *oferta la carga tiene que empezar en N y G
 225  ;
 226   
 227  FOBJETIVO1.. Coste =E= SUM((i,j,k)$(dist(i,j)>0), dist(i,j)*(2*X(i,j,k)*cf(i,j,k)+cv(i,j)*carga(i,j,k)));
 228  FOBJETIVO2(i)$(d(i)>0).. Equidad =L= load(i)/d(i);
 229  FOBJETIVO3(i)$(d(i)>0).. Tiempo =G= Time(i);
 230   
 231  flujoAyuda(j).. SUM((i,k)$(dist(i,j) > 0), carga(i,j,k)) + av(j) =E= SUM((i,k)$(dist(j,i) > 0), carga(j,i,k)) + load(j);
 232  flujoCoche(j,k).. SUM(i$(dist(i,j) > 0), X(i,j,k)) + vav(k,j) =G= SUM(i$(dist(j,i) > 0), X(j,i,k));
 233  flow(j).. load(j) =L= d(j)+av(j);
 234  demandatot.. load('A')+load('Z') =E= qglobal;
 235  cargacapa(i,j,k)$(dist(i,j) > 0).. carga(i,j,k) =L= cap(k)*X(i,j,k);
 236  maxbudget.. Coste =L= budget;
 237   
 238  resTiempo(i,j,k)$(dist(i,j)>0).. Time(j) =G= Time(i) + (dist(i,j)/(min(velv(k), velc(i,j)))) - 10000*(1-Y(i,j,k));
 239  res8(i,j,k)$(dist(i,j)>0).. X(i,j,k) =L= cota(k)*Y(i,j,k);
 240   
 241  *oferta.. carga('N','D')+carga('N','T')+carga('G','D')+carga('G','M') =E= qglobal;
 242  *flujoCoche(j,k).. SUM(i$(dist(i,j) gt 0), X(i,j,k))+ vav(k,j) =E= SUM(i$(dist(j,i) gt 0), X(j,i,k))+carstay(j,k);
 243   
 244   
 245  options optcr=0;
 246   
 247  model thecost /FOBJETIVO1, flujoAyuda, flujoCoche, flow, demandatot, cargacapa, maxbudget, res8/;
 248  solve thecost minimize Coste using MIP;
 249   
 250  model theequality /FOBJETIVO2, flujoAyuda, flujoCoche, flow, demandatot, cargacapa, maxbudget, res8/;
 251  solve theequality maximize Equidad using MIP;
 252   
 253  *model thetime /FOBJETIVO3, flujoAyuda, flujoCoche, flow, demandatot, cargacapa, maxbudget, res8, resTiempo/;
 254  *solve thetime minimize Tiempo using MIP;
 255   
 256   
 257  *$(dist(i,j) gt 0),
 258   
 259  *min coste
 260  *min tiempo
 261  *min equidad
 262  *-> matriz de pagos
 263   
 264  *min p_1+p_2
 265  *coste+n_1-p_1 = meta_c
 266  *tiempo+n_2-p_2 = meta_t
 267  *equidad +n_3-p_3 = 0
 268   
 269  *Hasta 25 de mayo
GAMS 24.4.2  r51415 Released Mar 15, 2015 DEX-DEG x86 64bit/MacOS X                                                                                                                                                                    05/21/15 10:41:27 Page 6
G e n e r a l   A l g e b r a i c   M o d e l i n g   S y s t e m
C o m p i l a t i o n


 270  *Programacion multiobjectivo por metas


COMPILATION TIME     =        0.004 SECONDS      3 MB  24.4.2 r51415 DEX-DEG
GAMS 24.4.2  r51415 Released Mar 15, 2015 DEX-DEG x86 64bit/MacOS X                                                                                                                                                                    05/21/15 10:41:27 Page 7
G e n e r a l   A l g e b r a i c   M o d e l i n g   S y s t e m
Equation Listing    SOLVE thecost Using MIP From line 248


---- FOBJETIVO1  =E=  restriccion de la funcion objectivo cost

FOBJETIVO1..  - 40*X(N,G,Tipo1) - 60*X(N,G,Tipo2) - 20*X(N,D,Tipo1) - 30*X(N,D,Tipo2) - 90*X(N,T,Tipo1) - 135*X(N,T,Tipo2) - 40*X(G,N,Tipo1) - 60*X(G,N,Tipo2) - 20*X(G,D,Tipo1) - 30*X(G,D,Tipo2) - 120*X(G,M,Tipo1) - 180*X(G,M,Tipo2) - 20*X(D,N,Tipo1)
     
      - 30*X(D,N,Tipo2) - 20*X(D,G,Tipo1) - 30*X(D,G,Tipo2) - 70*X(D,T,Tipo1) - 105*X(D,T,Tipo2) - 80*X(D,M,Tipo1) - 120*X(D,M,Tipo2) - 90*X(T,N,Tipo1) - 135*X(T,N,Tipo2) - 70*X(T,D,Tipo1) - 105*X(T,D,Tipo2) - 50*X(T,M,Tipo1) - 75*X(T,M,Tipo2)
     
      - 80*X(T,A,Tipo1) - 120*X(T,A,Tipo2) - 120*X(M,G,Tipo1) - 180*X(M,G,Tipo2) - 80*X(M,D,Tipo1) - 120*X(M,D,Tipo2) - 50*X(M,T,Tipo1) - 75*X(M,T,Tipo2) - 50*X(M,Z,Tipo1) - 75*X(M,Z,Tipo2) - 80*X(A,T,Tipo1) - 120*X(A,T,Tipo2) - 110*X(A,Z,Tipo1)
     
      - 165*X(A,Z,Tipo2) - 50*X(Z,M,Tipo1) - 75*X(Z,M,Tipo2) - 110*X(Z,A,Tipo1) - 165*X(Z,A,Tipo2) - 5*carga(N,G,Tipo1) - 5*carga(N,G,Tipo2) - 2.5*carga(N,D,Tipo1) - 2.5*carga(N,D,Tipo2) - 11.25*carga(N,T,Tipo1) - 11.25*carga(N,T,Tipo2)
     
      - 5*carga(G,N,Tipo1) - 5*carga(G,N,Tipo2) - 2.5*carga(G,D,Tipo1) - 2.5*carga(G,D,Tipo2) - 15*carga(G,M,Tipo1) - 15*carga(G,M,Tipo2) - 2.5*carga(D,N,Tipo1) - 2.5*carga(D,N,Tipo2) - 2.5*carga(D,G,Tipo1) - 2.5*carga(D,G,Tipo2) - 8.75*carga(D,T,Tipo1)
     
      - 8.75*carga(D,T,Tipo2) - 10*carga(D,M,Tipo1) - 10*carga(D,M,Tipo2) - 11.25*carga(T,N,Tipo1) - 11.25*carga(T,N,Tipo2) - 8.75*carga(T,D,Tipo1) - 8.75*carga(T,D,Tipo2) - 6.25*carga(T,M,Tipo1) - 6.25*carga(T,M,Tipo2) - 10*carga(T,A,Tipo1)
     
      - 10*carga(T,A,Tipo2) - 15*carga(M,G,Tipo1) - 15*carga(M,G,Tipo2) - 10*carga(M,D,Tipo1) - 10*carga(M,D,Tipo2) - 6.25*carga(M,T,Tipo1) - 6.25*carga(M,T,Tipo2) - 6.25*carga(M,Z,Tipo1) - 6.25*carga(M,Z,Tipo2) - 10*carga(A,T,Tipo1) - 10*carga(A,T,Tipo2)
     
      - 13.75*carga(A,Z,Tipo1) - 13.75*carga(A,Z,Tipo2) - 6.25*carga(Z,M,Tipo1) - 6.25*carga(Z,M,Tipo2) - 13.75*carga(Z,A,Tipo1) - 13.75*carga(Z,A,Tipo2) + Coste =E= 0 ; (LHS = 0)
     

---- flujoAyuda  =E=  lo que sale tiene que ser igual a lo que llega

flujoAyuda(N)..  - carga(N,G,Tipo1) - carga(N,G,Tipo2) - carga(N,D,Tipo1) - carga(N,D,Tipo2) - carga(N,T,Tipo1) - carga(N,T,Tipo2) + carga(G,N,Tipo1) + carga(G,N,Tipo2) + carga(D,N,Tipo1) + carga(D,N,Tipo2) + carga(T,N,Tipo1) + carga(T,N,Tipo2) - load(N)
      =E= -800 ; (LHS = 0, INFES = 800 ****)
     
flujoAyuda(G)..  carga(N,G,Tipo1) + carga(N,G,Tipo2) - carga(G,N,Tipo1) - carga(G,N,Tipo2) - carga(G,D,Tipo1) - carga(G,D,Tipo2) - carga(G,M,Tipo1) - carga(G,M,Tipo2) + carga(D,G,Tipo1) + carga(D,G,Tipo2) + carga(M,G,Tipo1) + carga(M,G,Tipo2) - load(G)
      =E= -500 ; (LHS = 0, INFES = 500 ****)
     
flujoAyuda(D)..  carga(N,D,Tipo1) + carga(N,D,Tipo2) + carga(G,D,Tipo1) + carga(G,D,Tipo2) - carga(D,N,Tipo1) - carga(D,N,Tipo2) - carga(D,G,Tipo1) - carga(D,G,Tipo2) - carga(D,T,Tipo1) - carga(D,T,Tipo2) - carga(D,M,Tipo1) - carga(D,M,Tipo2)
     
      + carga(T,D,Tipo1) + carga(T,D,Tipo2) + carga(M,D,Tipo1) + carga(M,D,Tipo2) - load(D) =E= 0 ; (LHS = 0)
     
REMAINING 4 ENTRIES SKIPPED


---- flujoCoche  =G=  lo que sale tiene que ser igual o menor a lo que llega

flujoCoche(N,Tipo1)..  - X(N,G,Tipo1) - X(N,D,Tipo1) - X(N,T,Tipo1) + X(G,N,Tipo1) + X(D,N,Tipo1) + X(T,N,Tipo1) =G= -60 ; (LHS = 0)
     
flujoCoche(N,Tipo2)..  - X(N,G,Tipo2) - X(N,D,Tipo2) - X(N,T,Tipo2) + X(G,N,Tipo2) + X(D,N,Tipo2) + X(T,N,Tipo2) =G= -30 ; (LHS = 0)
     
flujoCoche(G,Tipo1)..  X(N,G,Tipo1) - X(G,N,Tipo1) - X(G,D,Tipo1) - X(G,M,Tipo1) + X(D,G,Tipo1) + X(M,G,Tipo1) =G= -55 ; (LHS = 0)
     
REMAINING 11 ENTRIES SKIPPED


---- flow  =L=  lo que queda tiene que ser menor que la demanda mas la oferta

flow(N)..  load(N) =L= 800 ; (LHS = 0)
     
flow(G)..  load(G) =L= 500 ; (LHS = 0)
     
GAMS 24.4.2  r51415 Released Mar 15, 2015 DEX-DEG x86 64bit/MacOS X                                                                                                                                                                    05/21/15 10:41:27 Page 8
G e n e r a l   A l g e b r a i c   M o d e l i n g   S y s t e m
Equation Listing    SOLVE thecost Using MIP From line 248


     flow  =L=  lo que queda tiene que ser menor que la demanda mas la oferta

flow(D)..  load(D) =L= 0 ; (LHS = 0)
     
REMAINING 4 ENTRIES SKIPPED


---- demandatot  =E=  lo que llega de A y Z es igual a quinientos

demandatot..  load(A) + load(Z) =E= 500 ; (LHS = 0, INFES = 500 ****)
     

---- cargacapa  =L=  la carga tiene que ser menor que lo que podemos transportar

cargacapa(N,G,Tipo1)..  - 1.5*X(N,G,Tipo1) + carga(N,G,Tipo1) =L= 0 ; (LHS = 0)
     
cargacapa(N,G,Tipo2)..  - 2*X(N,G,Tipo2) + carga(N,G,Tipo2) =L= 0 ; (LHS = 0)
     
cargacapa(N,D,Tipo1)..  - 1.5*X(N,D,Tipo1) + carga(N,D,Tipo1) =L= 0 ; (LHS = 0)
     
REMAINING 41 ENTRIES SKIPPED


---- maxbudget  =L=  budget maximo

maxbudget..  Coste =L= 80000 ; (LHS = 0)
     

---- res8  =L=  

res8(N,G,Tipo1)..  X(N,G,Tipo1) - 100*Y(N,G,Tipo1) =L= 0 ; (LHS = 0)
     
res8(N,G,Tipo2)..  X(N,G,Tipo2) - 100*Y(N,G,Tipo2) =L= 0 ; (LHS = 0)
     
res8(N,D,Tipo1)..  X(N,D,Tipo1) - 100*Y(N,D,Tipo1) =L= 0 ; (LHS = 0)
     
REMAINING 41 ENTRIES SKIPPED

GAMS 24.4.2  r51415 Released Mar 15, 2015 DEX-DEG x86 64bit/MacOS X                                                                                                                                                                    05/21/15 10:41:27 Page 9
G e n e r a l   A l g e b r a i c   M o d e l i n g   S y s t e m
Column Listing      SOLVE thecost Using MIP From line 248


---- X  numero de vehiculos k de ciudad i a j

X(N,G,Tipo1)
                (.LO, .L, .UP, .M = 0, 0, +INF, 0)
      -40       FOBJETIVO1
       -1       flujoCoche(N,Tipo1)
        1       flujoCoche(G,Tipo1)
       -1.5     cargacapa(N,G,Tipo1)
        1       res8(N,G,Tipo1)

X(N,G,Tipo2)
                (.LO, .L, .UP, .M = 0, 0, +INF, 0)
      -60       FOBJETIVO1
       -1       flujoCoche(N,Tipo2)
        1       flujoCoche(G,Tipo2)
       -2       cargacapa(N,G,Tipo2)
        1       res8(N,G,Tipo2)

X(N,D,Tipo1)
                (.LO, .L, .UP, .M = 0, 0, +INF, 0)
      -20       FOBJETIVO1
       -1       flujoCoche(N,Tipo1)
        1       flujoCoche(D,Tipo1)
       -1.5     cargacapa(N,D,Tipo1)
        1       res8(N,D,Tipo1)

REMAINING 41 ENTRIES SKIPPED

---- carga  carga de ciudad i a j con vehiculo tipo k

carga(N,G,Tipo1)
                (.LO, .L, .UP, .M = 0, 0, +INF, 0)
       -5       FOBJETIVO1
       -1       flujoAyuda(N)
        1       flujoAyuda(G)
        1       cargacapa(N,G,Tipo1)

carga(N,G,Tipo2)
                (.LO, .L, .UP, .M = 0, 0, +INF, 0)
       -5       FOBJETIVO1
       -1       flujoAyuda(N)
        1       flujoAyuda(G)
        1       cargacapa(N,G,Tipo2)

carga(N,D,Tipo1)
                (.LO, .L, .UP, .M = 0, 0, +INF, 0)
       -2.5     FOBJETIVO1
       -1       flujoAyuda(N)
        1       flujoAyuda(D)
        1       cargacapa(N,D,Tipo1)

REMAINING 41 ENTRIES SKIPPED
GAMS 24.4.2  r51415 Released Mar 15, 2015 DEX-DEG x86 64bit/MacOS X                                                                                                                                                                   05/21/15 10:41:27 Page 10
G e n e r a l   A l g e b r a i c   M o d e l i n g   S y s t e m
Column Listing      SOLVE thecost Using MIP From line 248


---- Y  uno si vehiculo tipo k viaja de i a j

Y(N,G,Tipo1)
                (.LO, .L, .UP, .M = 0, 0, 1, 0)
     -100       res8(N,G,Tipo1)

Y(N,G,Tipo2)
                (.LO, .L, .UP, .M = 0, 0, 1, 0)
     -100       res8(N,G,Tipo2)

Y(N,D,Tipo1)
                (.LO, .L, .UP, .M = 0, 0, 1, 0)
     -100       res8(N,D,Tipo1)

REMAINING 41 ENTRIES SKIPPED

---- load  cantidad de carga que se queda en i

load(N)
                (.LO, .L, .UP, .M = 0, 0, +INF, 0)
       -1       flujoAyuda(N)
        1       flow(N)

load(G)
                (.LO, .L, .UP, .M = 0, 0, +INF, 0)
       -1       flujoAyuda(G)
        1       flow(G)

load(D)
                (.LO, .L, .UP, .M = 0, 0, +INF, 0)
       -1       flujoAyuda(D)
        1       flow(D)

REMAINING 4 ENTRIES SKIPPED

---- Coste  Coste total

Coste
                (.LO, .L, .UP, .M = -INF, 0, +INF, 0)
        1       FOBJETIVO1
        1       maxbudget

GAMS 24.4.2  r51415 Released Mar 15, 2015 DEX-DEG x86 64bit/MacOS X                                                                                                                                                                   05/21/15 10:41:27 Page 11
G e n e r a l   A l g e b r a i c   M o d e l i n g   S y s t e m
Model Statistics    SOLVE thecost Using MIP From line 248


MODEL STATISTICS

BLOCKS OF EQUATIONS           8     SINGLE EQUATIONS          119
BLOCKS OF VARIABLES           5     SINGLE VARIABLES          140
NON ZERO ELEMENTS           458     DISCRETE VARIABLES         44


GENERATION TIME      =        0.036 SECONDS      4 MB  24.4.2 r51415 DEX-DEG


EXECUTION TIME       =        0.037 SECONDS      4 MB  24.4.2 r51415 DEX-DEG
GAMS 24.4.2  r51415 Released Mar 15, 2015 DEX-DEG x86 64bit/MacOS X                                                                                                                                                                   05/21/15 10:41:27 Page 12
G e n e r a l   A l g e b r a i c   M o d e l i n g   S y s t e m
Solution Report     SOLVE thecost Using MIP From line 248


               S O L V E      S U M M A R Y

     MODEL   thecost             OBJECTIVE  Coste
     TYPE    MIP                 DIRECTION  MINIMIZE
     SOLVER  CPLEX               FROM LINE  248

**** SOLVER STATUS     1 Normal Completion         
**** MODEL STATUS      1 Optimal                   
**** OBJECTIVE VALUE            75703.3333

 RESOURCE USAGE, LIMIT          0.013      1000.000
 ITERATION COUNT, LIMIT        93    2000000000

IBM ILOG CPLEX   24.4.2 r51415 Released Mar 15, 2015 DEG x86 64bit/MacOS X    
Cplex 12.6.1.0

Space for names approximately 0.01 Mb
Use option 'names no' to turn use of names off
MIP status(101): integer optimal solution
Cplex Time: 0.00sec (det. 0.69 ticks)
Fixing integer variables, and solving final LP...
Fixed MIP status(1): optimal
Cplex Time: 0.00sec (det. 0.32 ticks)
Proven optimal solution.

MIP Solution:        75703.333333    (49 iterations, 0 nodes)
Final Solve:         75703.333333    (44 iterations)

Best possible:       75703.333333
Absolute gap:            0.000000
Relative gap:            0.000000


                           LOWER          LEVEL          UPPER         MARGINAL

---- EQU FOBJETIVO1          .              .              .             1.0000      

  FOBJETIVO1  restriccion de la funcion objectivo cost

---- EQU flujoAyuda  lo que sale tiene que ser igual a lo que llega

         LOWER          LEVEL          UPPER         MARGINAL

N      -800.0000      -800.0000      -800.0000         EPS         
G      -500.0000      -500.0000      -500.0000         EPS         
D          .              .              .            29.1667      
T          .              .              .           131.2500      
M          .              .              .           145.8333      
A          .              .              .           234.5833      
Z          .              .              .           218.7500      
GAMS 24.4.2  r51415 Released Mar 15, 2015 DEX-DEG x86 64bit/MacOS X                                                                                                                                                                   05/21/15 10:41:27 Page 13
G e n e r a l   A l g e b r a i c   M o d e l i n g   S y s t e m
Solution Report     SOLVE thecost Using MIP From line 248


---- EQU flujoCoche  lo que sale tiene que ser igual o menor a lo que llega

               LOWER          LEVEL          UPPER         MARGINAL

N.Tipo1       -60.0000       -60.0000        +INF          150.0000      
N.Tipo2       -30.0000       -30.0000        +INF          175.0000      
G.Tipo1       -55.0000       -55.0000        +INF          150.0000      
G.Tipo2       -45.0000       -45.0000        +INF          175.0000      
D.Tipo1       -10.0000       -10.0000        +INF          130.0000      
D.Tipo2       -15.0000       -15.0000        +INF          151.6667      
T.Tipo1        -8.0000        -8.0000        +INF           60.0000      
T.Tipo2       -28.0000       -28.0000        +INF           66.6667      
M.Tipo1        -5.0000        -5.0000        +INF           50.0000      
M.Tipo2        -5.0000        -5.0000        +INF           58.3333      
A.Tipo1          .            96.0000        +INF             .          
A.Tipo2          .            28.0000        +INF             .          
Z.Tipo1          .            42.0000        +INF             .          
Z.Tipo2          .            95.0000        +INF             .          

---- EQU flow  lo que queda tiene que ser menor que la demanda mas la oferta

         LOWER          LEVEL          UPPER         MARGINAL

N        -INF          540.0000       800.0000          .          
G        -INF          260.0000       500.0000          .          
D        -INF             .              .              .          
T        -INF             .              .              .          
M        -INF             .              .              .          
A        -INF          200.0000       750.0000          .          
Z        -INF          300.0000       300.0000       -15.8333      

                           LOWER          LEVEL          UPPER         MARGINAL

---- EQU demandatot       500.0000       500.0000       500.0000       234.5833      

  demandatot  lo que llega de A y Z es igual a quinientos

---- EQU cargacapa  la carga tiene que ser menor que lo que podemos transportar

                 LOWER          LEVEL          UPPER         MARGINAL

N.G.Tipo1        -INF             .              .              .          
N.G.Tipo2        -INF             .              .              .          
N.D.Tipo1        -INF             .              .           -26.6667      
N.D.Tipo2        -INF             .              .           -26.6667      
N.T.Tipo1        -INF             .              .          -120.0000      
N.T.Tipo2        -INF             .              .          -120.0000      
G.N.Tipo1        -INF             .              .              .          
G.N.Tipo2        -INF             .              .              .          
G.D.Tipo1        -INF             .              .           -26.6667      
G.D.Tipo2        -INF             .              .           -26.6667      
G.M.Tipo1        -INF             .              .          -130.8333      
G.M.Tipo2        -INF             .              .          -130.8333      
GAMS 24.4.2  r51415 Released Mar 15, 2015 DEX-DEG x86 64bit/MacOS X                                                                                                                                                                   05/21/15 10:41:27 Page 14
G e n e r a l   A l g e b r a i c   M o d e l i n g   S y s t e m
Solution Report     SOLVE thecost Using MIP From line 248


     EQU cargacapa  la carga tiene que ser menor que lo que podemos transportar

                 LOWER          LEVEL          UPPER         MARGINAL

D.N.Tipo1        -INF          -42.0000          .              .          
D.N.Tipo2        -INF             .              .              .          
D.G.Tipo1        -INF          -67.5000          .              .          
D.G.Tipo2        -INF             .              .              .          
D.T.Tipo1        -INF             .              .           -93.3333      
D.T.Tipo2        -INF             .              .           -95.0000      
D.M.Tipo1        -INF             .              .          -106.6667      
D.M.Tipo2        -INF             .              .          -106.6667      
T.N.Tipo1        -INF          -68.0000          .              .          
T.N.Tipo2        -INF             .              .              .          
T.D.Tipo1        -INF             .              .              .          
T.D.Tipo2        -INF             .              .              .          
T.M.Tipo1        -INF             .              .            -8.3333      
T.M.Tipo2        -INF             .              .            -8.3333      
T.A.Tipo1        -INF             .              .           -93.3333      
T.A.Tipo2        -INF             .              .           -93.3333      
M.G.Tipo1        -INF             .              .              .          
M.G.Tipo2        -INF             .              .              .          
M.D.Tipo1        -INF          -64.5000          .              .          
M.D.Tipo2        -INF             .              .              .          
M.T.Tipo1        -INF             .              .              .          
M.T.Tipo2        -INF             .              .              .          
M.Z.Tipo1        -INF             .              .           -66.6667      
M.Z.Tipo2        -INF             .              .           -66.6667      
A.T.Tipo1        -INF             .              .              .          
A.T.Tipo2        -INF             .              .              .          
A.Z.Tipo1        -INF             .              .              .          
A.Z.Tipo2        -INF             .              .              .          
Z.M.Tipo1        -INF          -47.0000          .              .          
Z.M.Tipo2        -INF             .              .              .          
Z.A.Tipo1        -INF             .              .            -2.0833      
Z.A.Tipo2        -INF             .              .            -2.0833      

                           LOWER          LEVEL          UPPER         MARGINAL

---- EQU maxbudget         -INF        75703.3333     80000.0000          .          

  maxbudget  budget maximo

---- EQU res8  

                 LOWER          LEVEL          UPPER         MARGINAL

N.G.Tipo1        -INF         -100.0000          .              .          
N.G.Tipo2        -INF         -100.0000          .              .          
N.D.Tipo1        -INF             .              .             EPS         
N.D.Tipo2        -INF          -70.0000          .              .          
N.T.Tipo1        -INF          -66.6667          .              .          
N.T.Tipo2        -INF         -100.0000          .              .          
GAMS 24.4.2  r51415 Released Mar 15, 2015 DEX-DEG x86 64bit/MacOS X                                                                                                                                                                   05/21/15 10:41:27 Page 15
G e n e r a l   A l g e b r a i c   M o d e l i n g   S y s t e m
Solution Report     SOLVE thecost Using MIP From line 248


     EQU res8  

                 LOWER          LEVEL          UPPER         MARGINAL

G.N.Tipo1        -INF         -100.0000          .              .          
G.N.Tipo2        -INF         -100.0000          .              .          
G.D.Tipo1        -INF             .              .              .          
G.D.Tipo2        -INF          -55.0000          .              .          
G.M.Tipo1        -INF         -100.0000          .              .          
G.M.Tipo2        -INF         -100.0000          .              .          
D.N.Tipo1        -INF          -72.0000          .              .          
D.N.Tipo2        -INF         -100.0000          .              .          
D.G.Tipo1        -INF          -55.0000          .              .          
D.G.Tipo2        -INF         -100.0000          .              .          
D.T.Tipo1        -INF             .              .             EPS         
D.T.Tipo2        -INF         -100.0000          .              .          
D.M.Tipo1        -INF          -20.0000          .              .          
D.M.Tipo2        -INF          -10.0000          .              .          
T.N.Tipo1        -INF          -54.6667          .              .          
T.N.Tipo2        -INF         -100.0000          .              .          
T.D.Tipo1        -INF         -100.0000          .              .          
T.D.Tipo2        -INF         -100.0000          .              .          
T.M.Tipo1        -INF         -100.0000          .              .          
T.M.Tipo2        -INF         -100.0000          .              .          
T.A.Tipo1        -INF           -4.0000          .              .          
T.A.Tipo2        -INF          -72.0000          .              .          
M.G.Tipo1        -INF         -100.0000          .              .          
M.G.Tipo2        -INF         -100.0000          .              .          
M.D.Tipo1        -INF          -57.0000          .              .          
M.D.Tipo2        -INF         -100.0000          .              .          
M.T.Tipo1        -INF         -100.0000          .              .          
M.T.Tipo2        -INF         -100.0000          .              .          
M.Z.Tipo1        -INF          -26.6667          .              .          
M.Z.Tipo2        -INF           -5.0000          .              .          
A.T.Tipo1        -INF         -100.0000          .              .          
A.T.Tipo2        -INF         -100.0000          .              .          
A.Z.Tipo1        -INF         -100.0000          .              .          
A.Z.Tipo2        -INF         -100.0000          .              .          
Z.M.Tipo1        -INF          -68.6667          .              .          
Z.M.Tipo2        -INF         -100.0000          .              .          
Z.A.Tipo1        -INF         -100.0000          .              .          
Z.A.Tipo2        -INF         -100.0000          .              .          

---- VAR X  numero de vehiculos k de ciudad i a j

                 LOWER          LEVEL          UPPER         MARGINAL

N.G.Tipo1          .              .            +INF           40.0000      
N.G.Tipo2          .              .            +INF           60.0000      
N.D.Tipo1          .           100.0000        +INF             .          
N.D.Tipo2          .            30.0000        +INF             .          
N.T.Tipo1          .            33.3333        +INF             .          
N.T.Tipo2          .              .            +INF            3.3333      
GAMS 24.4.2  r51415 Released Mar 15, 2015 DEX-DEG x86 64bit/MacOS X                                                                                                                                                                   05/21/15 10:41:27 Page 16
G e n e r a l   A l g e b r a i c   M o d e l i n g   S y s t e m
Solution Report     SOLVE thecost Using MIP From line 248


     VAR X  numero de vehiculos k de ciudad i a j

                 LOWER          LEVEL          UPPER         MARGINAL

G.N.Tipo1          .              .            +INF           40.0000      
G.N.Tipo2          .              .            +INF           60.0000      
G.D.Tipo1          .           100.0000        +INF             .          
G.D.Tipo2          .            45.0000        +INF             .          
G.M.Tipo1          .              .            +INF           23.7500      
G.M.Tipo2          .              .            +INF           35.0000      
D.N.Tipo1          .            28.0000        +INF             .          
D.N.Tipo2          .              .            +INF            6.6667      
D.G.Tipo1          .            45.0000        +INF             .          
D.G.Tipo2          .              .            +INF            6.6667      
D.T.Tipo1          .           100.0000        +INF             .          
D.T.Tipo2          .              .            +INF             .          
D.M.Tipo1          .            80.0000        +INF             .          
D.M.Tipo2          .            90.0000        +INF             .          
T.N.Tipo1          .            45.3333        +INF             .          
T.N.Tipo2          .              .            +INF           26.6667      
T.D.Tipo1          .              .            +INF            EPS         
T.D.Tipo2          .              .            +INF           20.0000      
T.M.Tipo1          .              .            +INF           47.5000      
T.M.Tipo2          .              .            +INF           66.6667      
T.A.Tipo1          .            96.0000        +INF             .          
T.A.Tipo2          .            28.0000        +INF             .          
M.G.Tipo1          .              .            +INF           20.0000      
M.G.Tipo2          .              .            +INF           63.3333      
M.D.Tipo1          .            43.0000        +INF             .          
M.D.Tipo2          .              .            +INF           26.6667      
M.T.Tipo1          .              .            +INF           40.0000      
M.T.Tipo2          .              .            +INF           66.6667      
M.Z.Tipo1          .            73.3333        +INF             .          
M.Z.Tipo2          .            95.0000        +INF             .          
A.T.Tipo1          .              .            +INF           20.0000      
A.T.Tipo2          .              .            +INF           53.3333      
A.Z.Tipo1          .              .            +INF          110.0000      
A.Z.Tipo2          .              .            +INF          165.0000      
Z.M.Tipo1          .            31.3333        +INF             .          
Z.M.Tipo2          .              .            +INF           16.6667      
Z.A.Tipo1          .              .            +INF          106.8750      
Z.A.Tipo2          .              .            +INF          160.8333      

---- VAR carga  carga de ciudad i a j con vehiculo tipo k

                 LOWER          LEVEL          UPPER         MARGINAL

N.G.Tipo1          .              .            +INF            5.0000      
N.G.Tipo2          .              .            +INF            5.0000      
N.D.Tipo1          .           150.0000        +INF             .          
N.D.Tipo2          .            60.0000        +INF             .          
N.T.Tipo1          .            50.0000        +INF             .          
N.T.Tipo2          .              .            +INF             .          
GAMS 24.4.2  r51415 Released Mar 15, 2015 DEX-DEG x86 64bit/MacOS X                                                                                                                                                                   05/21/15 10:41:27 Page 17
G e n e r a l   A l g e b r a i c   M o d e l i n g   S y s t e m
Solution Report     SOLVE thecost Using MIP From line 248


     VAR carga  carga de ciudad i a j con vehiculo tipo k

                 LOWER          LEVEL          UPPER         MARGINAL

G.N.Tipo1          .              .            +INF            5.0000      
G.N.Tipo2          .              .            +INF            5.0000      
G.D.Tipo1          .           150.0000        +INF             .          
G.D.Tipo2          .            90.0000        +INF             .          
G.M.Tipo1          .              .            +INF             .          
G.M.Tipo2          .              .            +INF             .          
D.N.Tipo1          .              .            +INF           31.6667      
D.N.Tipo2          .              .            +INF           31.6667      
D.G.Tipo1          .              .            +INF           31.6667      
D.G.Tipo2          .              .            +INF           31.6667      
D.T.Tipo1          .           150.0000        +INF             .          
D.T.Tipo2          .              .            +INF            1.6667      
D.M.Tipo1          .           120.0000        +INF             .          
D.M.Tipo2          .           180.0000        +INF             .          
T.N.Tipo1          .              .            +INF          142.5000      
T.N.Tipo2          .              .            +INF          142.5000      
T.D.Tipo1          .              .            +INF          110.8333      
T.D.Tipo2          .              .            +INF          110.8333      
T.M.Tipo1          .              .            +INF             .          
T.M.Tipo2          .              .            +INF             .          
T.A.Tipo1          .           144.0000        +INF             .          
T.A.Tipo2          .            56.0000        +INF             .          
M.G.Tipo1          .              .            +INF          160.8333      
M.G.Tipo2          .              .            +INF          160.8333      
M.D.Tipo1          .              .            +INF          126.6667      
M.D.Tipo2          .              .            +INF          126.6667      
M.T.Tipo1          .              .            +INF           20.8333      
M.T.Tipo2          .              .            +INF           20.8333      
M.Z.Tipo1          .           110.0000        +INF             .          
M.Z.Tipo2          .           190.0000        +INF             .          
A.T.Tipo1          .              .            +INF          113.3333      
A.T.Tipo2          .              .            +INF          113.3333      
A.Z.Tipo1          .              .            +INF           29.5833      
A.Z.Tipo2          .              .            +INF           29.5833      
Z.M.Tipo1          .              .            +INF           79.1667      
Z.M.Tipo2          .              .            +INF           79.1667      
Z.A.Tipo1          .              .            +INF             .          
Z.A.Tipo2          .              .            +INF             .          

---- VAR Y  uno si vehiculo tipo k viaja de i a j

                 LOWER          LEVEL          UPPER         MARGINAL

N.G.Tipo1          .             1.0000         1.0000         EPS         
N.G.Tipo2          .             1.0000         1.0000         EPS         
N.D.Tipo1          .             1.0000         1.0000         EPS         
N.D.Tipo2          .             1.0000         1.0000         EPS         
N.T.Tipo1          .             1.0000         1.0000         EPS         
N.T.Tipo2          .             1.0000         1.0000         EPS         
GAMS 24.4.2  r51415 Released Mar 15, 2015 DEX-DEG x86 64bit/MacOS X                                                                                                                                                                   05/21/15 10:41:27 Page 18
G e n e r a l   A l g e b r a i c   M o d e l i n g   S y s t e m
Solution Report     SOLVE thecost Using MIP From line 248


     VAR Y  uno si vehiculo tipo k viaja de i a j

                 LOWER          LEVEL          UPPER         MARGINAL

G.N.Tipo1          .             1.0000         1.0000         EPS         
G.N.Tipo2          .             1.0000         1.0000         EPS         
G.D.Tipo1          .             1.0000         1.0000         EPS         
G.D.Tipo2          .             1.0000         1.0000         EPS         
G.M.Tipo1          .             1.0000         1.0000         EPS         
G.M.Tipo2          .             1.0000         1.0000         EPS         
D.N.Tipo1          .             1.0000         1.0000         EPS         
D.N.Tipo2          .             1.0000         1.0000         EPS         
D.G.Tipo1          .             1.0000         1.0000         EPS         
D.G.Tipo2          .             1.0000         1.0000         EPS         
D.T.Tipo1          .             1.0000         1.0000         EPS         
D.T.Tipo2          .             1.0000         1.0000         EPS         
D.M.Tipo1          .             1.0000         1.0000         EPS         
D.M.Tipo2          .             1.0000         1.0000         EPS         
T.N.Tipo1          .             1.0000         1.0000         EPS         
T.N.Tipo2          .             1.0000         1.0000         EPS         
T.D.Tipo1          .             1.0000         1.0000         EPS         
T.D.Tipo2          .             1.0000         1.0000         EPS         
T.M.Tipo1          .             1.0000         1.0000         EPS         
T.M.Tipo2          .             1.0000         1.0000         EPS         
T.A.Tipo1          .             1.0000         1.0000         EPS         
T.A.Tipo2          .             1.0000         1.0000         EPS         
M.G.Tipo1          .             1.0000         1.0000         EPS         
M.G.Tipo2          .             1.0000         1.0000         EPS         
M.D.Tipo1          .             1.0000         1.0000         EPS         
M.D.Tipo2          .             1.0000         1.0000         EPS         
M.T.Tipo1          .             1.0000         1.0000         EPS         
M.T.Tipo2          .             1.0000         1.0000         EPS         
M.Z.Tipo1          .             1.0000         1.0000         EPS         
M.Z.Tipo2          .             1.0000         1.0000         EPS         
A.T.Tipo1          .             1.0000         1.0000         EPS         
A.T.Tipo2          .             1.0000         1.0000         EPS         
A.Z.Tipo1          .             1.0000         1.0000         EPS         
A.Z.Tipo2          .             1.0000         1.0000         EPS         
Z.M.Tipo1          .             1.0000         1.0000         EPS         
Z.M.Tipo2          .             1.0000         1.0000         EPS         
Z.A.Tipo1          .             1.0000         1.0000         EPS         
Z.A.Tipo2          .             1.0000         1.0000         EPS         

---- VAR load  cantidad de carga que se queda en i

         LOWER          LEVEL          UPPER         MARGINAL

N          .           540.0000        +INF             .          
G          .           260.0000        +INF             .          
D          .              .            +INF           29.1667      
T          .              .            +INF          131.2500      
M          .              .            +INF          145.8333      
A          .           200.0000        +INF             .          
GAMS 24.4.2  r51415 Released Mar 15, 2015 DEX-DEG x86 64bit/MacOS X                                                                                                                                                                   05/21/15 10:41:27 Page 19
G e n e r a l   A l g e b r a i c   M o d e l i n g   S y s t e m
Solution Report     SOLVE thecost Using MIP From line 248


     VAR load  cantidad de carga que se queda en i

         LOWER          LEVEL          UPPER         MARGINAL

Z          .           300.0000        +INF             .          

                           LOWER          LEVEL          UPPER         MARGINAL

---- VAR Coste             -INF        75703.3333        +INF             .          

  Coste  Coste total


**** REPORT SUMMARY :        0     NONOPT
                             0 INFEASIBLE
                             0  UNBOUNDED
GAMS 24.4.2  r51415 Released Mar 15, 2015 DEX-DEG x86 64bit/MacOS X                                                                                                                                                                   05/21/15 10:41:27 Page 20
G e n e r a l   A l g e b r a i c   M o d e l i n g   S y s t e m
Equation Listing    SOLVE theequality Using MIP From line 251


---- FOBJETIVO2  =L=  equidad

FOBJETIVO2(A)..  - 0.00133333333333333*load(A) + Equidad =L= 0 ; (LHS = -0.266666666666667)
     
FOBJETIVO2(Z)..  - 0.00333333333333333*load(Z) + Equidad =L= 0 ; (LHS = -1)
     

---- flujoAyuda  =E=  lo que sale tiene que ser igual a lo que llega

flujoAyuda(N)..  - carga(N,G,Tipo1) - carga(N,G,Tipo2) - carga(N,D,Tipo1) - carga(N,D,Tipo2) - carga(N,T,Tipo1) - carga(N,T,Tipo2) + carga(G,N,Tipo1) + carga(G,N,Tipo2) + carga(D,N,Tipo1) + carga(D,N,Tipo2) + carga(T,N,Tipo1) + carga(T,N,Tipo2) - load(N)
      =E= -800 ; (LHS = -800)
     
flujoAyuda(G)..  carga(N,G,Tipo1) + carga(N,G,Tipo2) - carga(G,N,Tipo1) - carga(G,N,Tipo2) - carga(G,D,Tipo1) - carga(G,D,Tipo2) - carga(G,M,Tipo1) - carga(G,M,Tipo2) + carga(D,G,Tipo1) + carga(D,G,Tipo2) + carga(M,G,Tipo1) + carga(M,G,Tipo2) - load(G)
      =E= -500 ; (LHS = -500)
     
flujoAyuda(D)..  carga(N,D,Tipo1) + carga(N,D,Tipo2) + carga(G,D,Tipo1) + carga(G,D,Tipo2) - carga(D,N,Tipo1) - carga(D,N,Tipo2) - carga(D,G,Tipo1) - carga(D,G,Tipo2) - carga(D,T,Tipo1) - carga(D,T,Tipo2) - carga(D,M,Tipo1) - carga(D,M,Tipo2)
     
      + carga(T,D,Tipo1) + carga(T,D,Tipo2) + carga(M,D,Tipo1) + carga(M,D,Tipo2) - load(D) =E= 0 ; (LHS = 0)
     
REMAINING 4 ENTRIES SKIPPED


---- flujoCoche  =G=  lo que sale tiene que ser igual o menor a lo que llega

flujoCoche(N,Tipo1)..  - X(N,G,Tipo1) - X(N,D,Tipo1) - X(N,T,Tipo1) + X(G,N,Tipo1) + X(D,N,Tipo1) + X(T,N,Tipo1) =G= -60 ; (LHS = -60)
     
flujoCoche(N,Tipo2)..  - X(N,G,Tipo2) - X(N,D,Tipo2) - X(N,T,Tipo2) + X(G,N,Tipo2) + X(D,N,Tipo2) + X(T,N,Tipo2) =G= -30 ; (LHS = -30)
     
flujoCoche(G,Tipo1)..  X(N,G,Tipo1) - X(G,N,Tipo1) - X(G,D,Tipo1) - X(G,M,Tipo1) + X(D,G,Tipo1) + X(M,G,Tipo1) =G= -55 ; (LHS = -55)
     
REMAINING 11 ENTRIES SKIPPED


---- flow  =L=  lo que queda tiene que ser menor que la demanda mas la oferta

flow(N)..  load(N) =L= 800 ; (LHS = 540)
     
flow(G)..  load(G) =L= 500 ; (LHS = 260)
     
flow(D)..  load(D) =L= 0 ; (LHS = 0)
     
REMAINING 4 ENTRIES SKIPPED


---- demandatot  =E=  lo que llega de A y Z es igual a quinientos

demandatot..  load(A) + load(Z) =E= 500 ; (LHS = 500)
     
GAMS 24.4.2  r51415 Released Mar 15, 2015 DEX-DEG x86 64bit/MacOS X                                                                                                                                                                   05/21/15 10:41:27 Page 21
G e n e r a l   A l g e b r a i c   M o d e l i n g   S y s t e m
Equation Listing    SOLVE theequality Using MIP From line 251


---- cargacapa  =L=  la carga tiene que ser menor que lo que podemos transportar

cargacapa(N,G,Tipo1)..  - 1.5*X(N,G,Tipo1) + carga(N,G,Tipo1) =L= 0 ; (LHS = 0)
     
cargacapa(N,G,Tipo2)..  - 2*X(N,G,Tipo2) + carga(N,G,Tipo2) =L= 0 ; (LHS = 0)
     
cargacapa(N,D,Tipo1)..  - 1.5*X(N,D,Tipo1) + carga(N,D,Tipo1) =L= 0 ; (LHS = 0)
     
REMAINING 41 ENTRIES SKIPPED


---- maxbudget  =L=  budget maximo

maxbudget..  Coste =L= 80000 ; (LHS = 75703.3333333333)
     

---- res8  =L=  

res8(N,G,Tipo1)..  X(N,G,Tipo1) - 100*Y(N,G,Tipo1) =L= 0 ; (LHS = -100)
     
res8(N,G,Tipo2)..  X(N,G,Tipo2) - 100*Y(N,G,Tipo2) =L= 0 ; (LHS = -100)
     
res8(N,D,Tipo1)..  X(N,D,Tipo1) - 100*Y(N,D,Tipo1) =L= 0 ; (LHS = 0)
     
REMAINING 41 ENTRIES SKIPPED

GAMS 24.4.2  r51415 Released Mar 15, 2015 DEX-DEG x86 64bit/MacOS X                                                                                                                                                                   05/21/15 10:41:27 Page 22
G e n e r a l   A l g e b r a i c   M o d e l i n g   S y s t e m
Column Listing      SOLVE theequality Using MIP From line 251


---- X  numero de vehiculos k de ciudad i a j

X(N,G,Tipo1)
                (.LO, .L, .UP, .M = 0, 0, +INF, 40)
       -1       flujoCoche(N,Tipo1)
        1       flujoCoche(G,Tipo1)
       -1.5     cargacapa(N,G,Tipo1)
        1       res8(N,G,Tipo1)

X(N,G,Tipo2)
                (.LO, .L, .UP, .M = 0, 0, +INF, 60)
       -1       flujoCoche(N,Tipo2)
        1       flujoCoche(G,Tipo2)
       -2       cargacapa(N,G,Tipo2)
        1       res8(N,G,Tipo2)

X(N,D,Tipo1)
                (.LO, .L, .UP, .M = 0, 100, +INF, 0)
       -1       flujoCoche(N,Tipo1)
        1       flujoCoche(D,Tipo1)
       -1.5     cargacapa(N,D,Tipo1)
        1       res8(N,D,Tipo1)

REMAINING 41 ENTRIES SKIPPED

---- carga  carga de ciudad i a j con vehiculo tipo k

carga(N,G,Tipo1)
                (.LO, .L, .UP, .M = 0, 0, +INF, 5)
       -1       flujoAyuda(N)
        1       flujoAyuda(G)
        1       cargacapa(N,G,Tipo1)

carga(N,G,Tipo2)
                (.LO, .L, .UP, .M = 0, 0, +INF, 5)
       -1       flujoAyuda(N)
        1       flujoAyuda(G)
        1       cargacapa(N,G,Tipo2)

carga(N,D,Tipo1)
                (.LO, .L, .UP, .M = 0, 150, +INF, 0)
       -1       flujoAyuda(N)
        1       flujoAyuda(D)
        1       cargacapa(N,D,Tipo1)

REMAINING 41 ENTRIES SKIPPED

---- Y  uno si vehiculo tipo k viaja de i a j

Y(N,G,Tipo1)
                (.LO, .L, .UP, .M = 0, 1, 1, EPS)
     -100       res8(N,G,Tipo1)

GAMS 24.4.2  r51415 Released Mar 15, 2015 DEX-DEG x86 64bit/MacOS X                                                                                                                                                                   05/21/15 10:41:27 Page 23
G e n e r a l   A l g e b r a i c   M o d e l i n g   S y s t e m
Column Listing      SOLVE theequality Using MIP From line 251


     Y  uno si vehiculo tipo k viaja de i a j

Y(N,G,Tipo2)
                (.LO, .L, .UP, .M = 0, 1, 1, EPS)
     -100       res8(N,G,Tipo2)

Y(N,D,Tipo1)
                (.LO, .L, .UP, .M = 0, 1, 1, EPS)
     -100       res8(N,D,Tipo1)

REMAINING 41 ENTRIES SKIPPED

---- load  cantidad de carga que se queda en i

load(N)
                (.LO, .L, .UP, .M = 0, 540, +INF, 0)
       -1       flujoAyuda(N)
        1       flow(N)

load(G)
                (.LO, .L, .UP, .M = 0, 260, +INF, 0)
       -1       flujoAyuda(G)
        1       flow(G)

load(D)
                (.LO, .L, .UP, .M = 0, 0, +INF, 29.1666666666667)
       -1       flujoAyuda(D)
        1       flow(D)

REMAINING 4 ENTRIES SKIPPED

---- Coste  Coste total

Coste
                (.LO, .L, .UP, .M = -INF, 75703.3333333333, +INF, 0)
        1       maxbudget


---- Equidad  

Equidad
                (.LO, .L, .UP, .M = -INF, 0, +INF, 0)
        1       FOBJETIVO2(A)
        1       FOBJETIVO2(Z)

GAMS 24.4.2  r51415 Released Mar 15, 2015 DEX-DEG x86 64bit/MacOS X                                                                                                                                                                   05/21/15 10:41:27 Page 24
G e n e r a l   A l g e b r a i c   M o d e l i n g   S y s t e m
Model Statistics    SOLVE theequality Using MIP From line 251


MODEL STATISTICS

BLOCKS OF EQUATIONS           8     SINGLE EQUATIONS          120
BLOCKS OF VARIABLES           6     SINGLE VARIABLES          141
NON ZERO ELEMENTS           373     DISCRETE VARIABLES         44


GENERATION TIME      =        0.007 SECONDS      3 MB  24.4.2 r51415 DEX-DEG


EXECUTION TIME       =        0.011 SECONDS      3 MB  24.4.2 r51415 DEX-DEG
GAMS 24.4.2  r51415 Released Mar 15, 2015 DEX-DEG x86 64bit/MacOS X                                                                                                                                                                   05/21/15 10:41:27 Page 25
G e n e r a l   A l g e b r a i c   M o d e l i n g   S y s t e m
Solution Report     SOLVE theequality Using MIP From line 251


               S O L V E      S U M M A R Y

     MODEL   theequality         OBJECTIVE  Equidad
     TYPE    MIP                 DIRECTION  MAXIMIZE
     SOLVER  CPLEX               FROM LINE  251

**** SOLVER STATUS     1 Normal Completion         
**** MODEL STATUS      1 Optimal                   
**** OBJECTIVE VALUE                0.4762

 RESOURCE USAGE, LIMIT          0.014      1000.000
 ITERATION COUNT, LIMIT        55    2000000000

IBM ILOG CPLEX   24.4.2 r51415 Released Mar 15, 2015 DEG x86 64bit/MacOS X    
Cplex 12.6.1.0

Space for names approximately 0.01 Mb
Use option 'names no' to turn use of names off
MIP status(101): integer optimal solution
Cplex Time: 0.00sec (det. 0.48 ticks)
Fixing integer variables, and solving final LP...
Fixed MIP status(1): optimal
Cplex Time: 0.00sec (det. 0.23 ticks)
Proven optimal solution.

MIP Solution:            0.476190    (31 iterations, 0 nodes)
Final Solve:             0.476190    (24 iterations)

Best possible:           0.476190
Absolute gap:            0.000000
Relative gap:            0.000000


---- EQU FOBJETIVO2  equidad

         LOWER          LEVEL          UPPER         MARGINAL

A        -INF             .              .             0.7143      
Z        -INF             .              .             0.2857      

---- EQU flujoAyuda  lo que sale tiene que ser igual a lo que llega

         LOWER          LEVEL          UPPER         MARGINAL

N      -800.0000      -800.0000      -800.0000         EPS         
G      -500.0000      -500.0000      -500.0000         EPS         
D          .              .              .             EPS         
T          .              .              .             EPS         
M          .              .              .             EPS         
A          .              .              .             EPS         
Z          .              .              .             EPS         
GAMS 24.4.2  r51415 Released Mar 15, 2015 DEX-DEG x86 64bit/MacOS X                                                                                                                                                                   05/21/15 10:41:27 Page 26
G e n e r a l   A l g e b r a i c   M o d e l i n g   S y s t e m
Solution Report     SOLVE theequality Using MIP From line 251


---- EQU flujoCoche  lo que sale tiene que ser igual o menor a lo que llega

               LOWER          LEVEL          UPPER         MARGINAL

N.Tipo1       -60.0000       -60.0000        +INF            EPS         
N.Tipo2       -30.0000       -30.0000        +INF            EPS         
G.Tipo1       -55.0000       -55.0000        +INF            EPS         
G.Tipo2       -45.0000       -45.0000        +INF            EPS         
D.Tipo1       -10.0000       -10.0000        +INF            EPS         
D.Tipo2       -15.0000       -15.0000        +INF            EPS         
T.Tipo1        -8.0000        -8.0000        +INF            EPS         
T.Tipo2       -28.0000       -10.0000        +INF             .          
M.Tipo1        -5.0000        -5.0000        +INF            EPS         
M.Tipo2        -5.0000          .            +INF             .          
A.Tipo1          .           138.0000        +INF             .          
A.Tipo2          .           100.0000        +INF             .          
Z.Tipo1          .              .            +INF             .          
Z.Tipo2          .              .            +INF             .          

---- EQU flow  lo que queda tiene que ser menor que la demanda mas la oferta

         LOWER          LEVEL          UPPER         MARGINAL

N        -INF          450.0000       800.0000          .          
G        -INF          350.0000       500.0000          .          
D        -INF             .              .              .          
T        -INF             .              .              .          
M        -INF             .              .              .          
A        -INF          357.1429       750.0000          .          
Z        -INF          142.8571       300.0000          .          

                           LOWER          LEVEL          UPPER         MARGINAL

---- EQU demandatot       500.0000       500.0000       500.0000         0.0010      

  demandatot  lo que llega de A y Z es igual a quinientos

---- EQU cargacapa  la carga tiene que ser menor que lo que podemos transportar

                 LOWER          LEVEL          UPPER         MARGINAL

N.G.Tipo1        -INF          -67.5000          .              .          
N.G.Tipo2        -INF             .              .             EPS         
N.D.Tipo1        -INF             .              .              .          
N.D.Tipo2        -INF             .              .              .          
N.T.Tipo1        -INF             .              .             EPS         
N.T.Tipo2        -INF             .              .             EPS         
G.N.Tipo1        -INF             .              .              .          
G.N.Tipo2        -INF          -90.0000          .              .          
G.D.Tipo1        -INF             .              .              .          
G.D.Tipo2        -INF             .              .              .          
G.M.Tipo1        -INF             .              .             EPS         
G.M.Tipo2        -INF             .              .              .          
GAMS 24.4.2  r51415 Released Mar 15, 2015 DEX-DEG x86 64bit/MacOS X                                                                                                                                                                   05/21/15 10:41:27 Page 27
G e n e r a l   A l g e b r a i c   M o d e l i n g   S y s t e m
Solution Report     SOLVE theequality Using MIP From line 251


     EQU cargacapa  la carga tiene que ser menor que lo que podemos transportar

                 LOWER          LEVEL          UPPER         MARGINAL

D.N.Tipo1        -INF          -15.0000          .              .          
D.N.Tipo2        -INF          -30.0000          .              .          
D.G.Tipo1        -INF             .              .              .          
D.G.Tipo2        -INF             .              .              .          
D.T.Tipo1        -INF             .              .              .          
D.T.Tipo2        -INF             .              .              .          
D.M.Tipo1        -INF             .              .              .          
D.M.Tipo2        -INF             .              .              .          
T.N.Tipo1        -INF         -112.5000          .              .          
T.N.Tipo2        -INF          -20.0000          .              .          
T.D.Tipo1        -INF             .              .              .          
T.D.Tipo2        -INF             .              .              .          
T.M.Tipo1        -INF             .              .              .          
T.M.Tipo2        -INF             .              .              .          
T.A.Tipo1        -INF             .              .             EPS         
T.A.Tipo2        -INF             .              .              .          
M.G.Tipo1        -INF             .              .              .          
M.G.Tipo2        -INF             .              .              .          
M.D.Tipo1        -INF             .              .              .          
M.D.Tipo2        -INF             .              .              .          
M.T.Tipo1        -INF           -7.5000          .              .          
M.T.Tipo2        -INF             .              .              .          
M.Z.Tipo1        -INF             .              .             EPS         
M.Z.Tipo2        -INF             .              .              .          
A.T.Tipo1        -INF          -93.0000          .              .          
A.T.Tipo2        -INF             .              .              .          
A.Z.Tipo1        -INF             .              .              .          
A.Z.Tipo2        -INF             .              .              .          
Z.M.Tipo1        -INF             .              .              .          
Z.M.Tipo2        -INF             .              .              .          
Z.A.Tipo1        -INF         -142.8571          .              .          
Z.A.Tipo2        -INF             .              .              .          

                           LOWER          LEVEL          UPPER         MARGINAL

---- EQU maxbudget         -INF        80000.0000     80000.0000         EPS         

  maxbudget  budget maximo

---- EQU res8  

                 LOWER          LEVEL          UPPER         MARGINAL

N.G.Tipo1        -INF          -55.0000          .              .          
N.G.Tipo2        -INF         -100.0000          .              .          
N.D.Tipo1        -INF         -100.0000          .              .          
N.D.Tipo2        -INF         -100.0000          .              .          
N.T.Tipo1        -INF             .              .             EPS         
N.T.Tipo2        -INF             .              .              .          
GAMS 24.4.2  r51415 Released Mar 15, 2015 DEX-DEG x86 64bit/MacOS X                                                                                                                                                                   05/21/15 10:41:27 Page 28
G e n e r a l   A l g e b r a i c   M o d e l i n g   S y s t e m
Solution Report     SOLVE theequality Using MIP From line 251


     EQU res8  

                 LOWER          LEVEL          UPPER         MARGINAL

G.N.Tipo1        -INF         -100.0000          .              .          
G.N.Tipo2        -INF          -55.0000          .              .          
G.D.Tipo1        -INF         -100.0000          .              .          
G.D.Tipo2        -INF         -100.0000          .              .          
G.M.Tipo1        -INF             .              .              .          
G.M.Tipo2        -INF         -100.0000          .              .          
D.N.Tipo1        -INF          -90.0000          .              .          
D.N.Tipo2        -INF          -85.0000          .              .          
D.G.Tipo1        -INF         -100.0000          .              .          
D.G.Tipo2        -INF         -100.0000          .              .          
D.T.Tipo1        -INF         -100.0000          .              .          
D.T.Tipo2        -INF         -100.0000          .              .          
D.M.Tipo1        -INF         -100.0000          .              .          
D.M.Tipo2        -INF         -100.0000          .              .          
T.N.Tipo1        -INF          -25.0000          .              .          
T.N.Tipo2        -INF          -90.0000          .              .          
T.D.Tipo1        -INF         -100.0000          .              .          
T.D.Tipo2        -INF         -100.0000          .              .          
T.M.Tipo1        -INF         -100.0000          .              .          
T.M.Tipo2        -INF         -100.0000          .              .          
T.A.Tipo1        -INF             .              .             EPS         
T.A.Tipo2        -INF             .              .             EPS         
M.G.Tipo1        -INF         -100.0000          .              .          
M.G.Tipo2        -INF         -100.0000          .              .          
M.D.Tipo1        -INF         -100.0000          .              .          
M.D.Tipo2        -INF         -100.0000          .              .          
M.T.Tipo1        -INF          -95.0000          .              .          
M.T.Tipo2        -INF         -100.0000          .              .          
M.Z.Tipo1        -INF             .              .             EPS         
M.Z.Tipo2        -INF         -100.0000          .              .          
A.T.Tipo1        -INF          -38.0000          .              .          
A.T.Tipo2        -INF         -100.0000          .              .          
A.Z.Tipo1        -INF         -100.0000          .              .          
A.Z.Tipo2        -INF         -100.0000          .              .          
Z.M.Tipo1        -INF         -100.0000          .              .          
Z.M.Tipo2        -INF         -100.0000          .              .          
Z.A.Tipo1        -INF             .              .             EPS         
Z.A.Tipo2        -INF         -100.0000          .              .          

---- VAR X  numero de vehiculos k de ciudad i a j

                 LOWER          LEVEL          UPPER         MARGINAL

N.G.Tipo1          .            45.0000        +INF             .          
N.G.Tipo2          .              .            +INF            EPS         
N.D.Tipo1          .              .            +INF            EPS         
N.D.Tipo2          .              .            +INF            EPS         
N.T.Tipo1          .           100.0000        +INF             .          
N.T.Tipo2          .           100.0000        +INF             .          
GAMS 24.4.2  r51415 Released Mar 15, 2015 DEX-DEG x86 64bit/MacOS X                                                                                                                                                                   05/21/15 10:41:27 Page 29
G e n e r a l   A l g e b r a i c   M o d e l i n g   S y s t e m
Solution Report     SOLVE theequality Using MIP From line 251


     VAR X  numero de vehiculos k de ciudad i a j

                 LOWER          LEVEL          UPPER         MARGINAL

G.N.Tipo1          .              .            +INF            EPS         
G.N.Tipo2          .            45.0000        +INF             .          
G.D.Tipo1          .              .            +INF            EPS         
G.D.Tipo2          .              .            +INF            EPS         
G.M.Tipo1          .           100.0000        +INF             .          
G.M.Tipo2          .              .            +INF            EPS         
D.N.Tipo1          .            10.0000        +INF             .          
D.N.Tipo2          .            15.0000        +INF             .          
D.G.Tipo1          .              .            +INF            EPS         
D.G.Tipo2          .              .            +INF            EPS         
D.T.Tipo1          .              .            +INF            EPS         
D.T.Tipo2          .              .            +INF            EPS         
D.M.Tipo1          .              .            +INF            EPS         
D.M.Tipo2          .              .            +INF            EPS         
T.N.Tipo1          .            75.0000        +INF             .          
T.N.Tipo2          .            10.0000        +INF             .          
T.D.Tipo1          .              .            +INF            EPS         
T.D.Tipo2          .              .            +INF            EPS         
T.M.Tipo1          .              .            +INF            EPS         
T.M.Tipo2          .              .            +INF            EPS         
T.A.Tipo1          .           100.0000        +INF             .          
T.A.Tipo2          .           100.0000        +INF             .          
M.G.Tipo1          .              .            +INF            EPS         
M.G.Tipo2          .              .            +INF            EPS         
M.D.Tipo1          .              .            +INF            EPS         
M.D.Tipo2          .              .            +INF            EPS         
M.T.Tipo1          .             5.0000        +INF             .          
M.T.Tipo2          .              .            +INF            EPS         
M.Z.Tipo1          .           100.0000        +INF             .          
M.Z.Tipo2          .              .            +INF            EPS         
A.T.Tipo1          .            62.0000        +INF             .          
A.T.Tipo2          .              .            +INF            EPS         
A.Z.Tipo1          .              .            +INF            EPS         
A.Z.Tipo2          .              .            +INF            EPS         
Z.M.Tipo1          .              .            +INF            EPS         
Z.M.Tipo2          .              .            +INF            EPS         
Z.A.Tipo1          .           100.0000        +INF             .          
Z.A.Tipo2          .              .            +INF            EPS         

---- VAR carga  carga de ciudad i a j con vehiculo tipo k

                 LOWER          LEVEL          UPPER         MARGINAL

N.G.Tipo1          .              .            +INF            EPS         
N.G.Tipo2          .              .            +INF             .          
N.D.Tipo1          .              .            +INF            EPS         
N.D.Tipo2          .              .            +INF             .          
N.T.Tipo1          .           150.0000        +INF             .          
N.T.Tipo2          .           200.0000        +INF             .          
GAMS 24.4.2  r51415 Released Mar 15, 2015 DEX-DEG x86 64bit/MacOS X                                                                                                                                                                   05/21/15 10:41:27 Page 30
G e n e r a l   A l g e b r a i c   M o d e l i n g   S y s t e m
Solution Report     SOLVE theequality Using MIP From line 251


     VAR carga  carga de ciudad i a j con vehiculo tipo k

                 LOWER          LEVEL          UPPER         MARGINAL

G.N.Tipo1          .              .            +INF            EPS         
G.N.Tipo2          .              .            +INF            EPS         
G.D.Tipo1          .              .            +INF            EPS         
G.D.Tipo2          .              .            +INF            EPS         
G.M.Tipo1          .           150.0000        +INF             .          
G.M.Tipo2          .              .            +INF            EPS         
D.N.Tipo1          .              .            +INF            EPS         
D.N.Tipo2          .              .            +INF            EPS         
D.G.Tipo1          .              .            +INF            EPS         
D.G.Tipo2          .              .            +INF            EPS         
D.T.Tipo1          .              .            +INF            EPS         
D.T.Tipo2          .              .            +INF            EPS         
D.M.Tipo1          .              .            +INF            EPS         
D.M.Tipo2          .              .            +INF            EPS         
T.N.Tipo1          .              .            +INF            EPS         
T.N.Tipo2          .              .            +INF            EPS         
T.D.Tipo1          .              .            +INF            EPS         
T.D.Tipo2          .              .            +INF            EPS         
T.M.Tipo1          .              .            +INF            EPS         
T.M.Tipo2          .              .            +INF            EPS         
T.A.Tipo1          .           150.0000        +INF             .          
T.A.Tipo2          .           200.0000        +INF             .          
M.G.Tipo1          .              .            +INF            EPS         
M.G.Tipo2          .              .            +INF            EPS         
M.D.Tipo1          .              .            +INF            EPS         
M.D.Tipo2          .              .            +INF            EPS         
M.T.Tipo1          .              .            +INF            EPS         
M.T.Tipo2          .              .            +INF            EPS         
M.Z.Tipo1          .           150.0000        +INF             .          
M.Z.Tipo2          .              .            +INF            EPS         
A.T.Tipo1          .              .            +INF            EPS         
A.T.Tipo2          .              .            +INF            EPS         
A.Z.Tipo1          .              .            +INF            EPS         
A.Z.Tipo2          .              .            +INF            EPS         
Z.M.Tipo1          .              .            +INF            EPS         
Z.M.Tipo2          .              .            +INF            EPS         
Z.A.Tipo1          .             7.1429        +INF             .          
Z.A.Tipo2          .              .            +INF            EPS         

---- VAR Y  uno si vehiculo tipo k viaja de i a j

                 LOWER          LEVEL          UPPER         MARGINAL

N.G.Tipo1          .             1.0000         1.0000         EPS         
N.G.Tipo2          .             1.0000         1.0000         EPS         
N.D.Tipo1          .             1.0000         1.0000         EPS         
N.D.Tipo2          .             1.0000         1.0000         EPS         
N.T.Tipo1          .             1.0000         1.0000         EPS         
N.T.Tipo2          .             1.0000         1.0000         EPS         
GAMS 24.4.2  r51415 Released Mar 15, 2015 DEX-DEG x86 64bit/MacOS X                                                                                                                                                                   05/21/15 10:41:27 Page 31
G e n e r a l   A l g e b r a i c   M o d e l i n g   S y s t e m
Solution Report     SOLVE theequality Using MIP From line 251


     VAR Y  uno si vehiculo tipo k viaja de i a j

                 LOWER          LEVEL          UPPER         MARGINAL

G.N.Tipo1          .             1.0000         1.0000         EPS         
G.N.Tipo2          .             1.0000         1.0000         EPS         
G.D.Tipo1          .             1.0000         1.0000         EPS         
G.D.Tipo2          .             1.0000         1.0000         EPS         
G.M.Tipo1          .             1.0000         1.0000         EPS         
G.M.Tipo2          .             1.0000         1.0000         EPS         
D.N.Tipo1          .             1.0000         1.0000         EPS         
D.N.Tipo2          .             1.0000         1.0000         EPS         
D.G.Tipo1          .             1.0000         1.0000         EPS         
D.G.Tipo2          .             1.0000         1.0000         EPS         
D.T.Tipo1          .             1.0000         1.0000         EPS         
D.T.Tipo2          .             1.0000         1.0000         EPS         
D.M.Tipo1          .             1.0000         1.0000         EPS         
D.M.Tipo2          .             1.0000         1.0000         EPS         
T.N.Tipo1          .             1.0000         1.0000         EPS         
T.N.Tipo2          .             1.0000         1.0000         EPS         
T.D.Tipo1          .             1.0000         1.0000         EPS         
T.D.Tipo2          .             1.0000         1.0000         EPS         
T.M.Tipo1          .             1.0000         1.0000         EPS         
T.M.Tipo2          .             1.0000         1.0000         EPS         
T.A.Tipo1          .             1.0000         1.0000         EPS         
T.A.Tipo2          .             1.0000         1.0000         EPS         
M.G.Tipo1          .             1.0000         1.0000         EPS         
M.G.Tipo2          .             1.0000         1.0000         EPS         
M.D.Tipo1          .             1.0000         1.0000         EPS         
M.D.Tipo2          .             1.0000         1.0000         EPS         
M.T.Tipo1          .             1.0000         1.0000         EPS         
M.T.Tipo2          .             1.0000         1.0000         EPS         
M.Z.Tipo1          .             1.0000         1.0000         EPS         
M.Z.Tipo2          .             1.0000         1.0000         EPS         
A.T.Tipo1          .             1.0000         1.0000         EPS         
A.T.Tipo2          .             1.0000         1.0000         EPS         
A.Z.Tipo1          .             1.0000         1.0000         EPS         
A.Z.Tipo2          .             1.0000         1.0000         EPS         
Z.M.Tipo1          .             1.0000         1.0000         EPS         
Z.M.Tipo2          .             1.0000         1.0000         EPS         
Z.A.Tipo1          .             1.0000         1.0000         EPS         
Z.A.Tipo2          .             1.0000         1.0000         EPS         

---- VAR load  cantidad de carga que se queda en i

         LOWER          LEVEL          UPPER         MARGINAL

N          .           450.0000        +INF             .          
G          .           350.0000        +INF             .          
D          .              .            +INF            EPS         
T          .              .            +INF            EPS         
M          .              .            +INF            EPS         
A          .           357.1429        +INF             .          
GAMS 24.4.2  r51415 Released Mar 15, 2015 DEX-DEG x86 64bit/MacOS X                                                                                                                                                                   05/21/15 10:41:27 Page 32
G e n e r a l   A l g e b r a i c   M o d e l i n g   S y s t e m
Solution Report     SOLVE theequality Using MIP From line 251


     VAR load  cantidad de carga que se queda en i

         LOWER          LEVEL          UPPER         MARGINAL

Z          .           142.8571        +INF             .          

                           LOWER          LEVEL          UPPER         MARGINAL

---- VAR Coste             -INF        80000.0000        +INF             .          
---- VAR Equidad           -INF            0.4762        +INF             .          

  Coste  Coste total


**** REPORT SUMMARY :        0     NONOPT
                             0 INFEASIBLE
                             0  UNBOUNDED


EXECUTION TIME       =        0.004 SECONDS      2 MB  24.4.2 r51415 DEX-DEG


USER: GAMS Development Corporation, Washington, DC   G871201/0000CA-ANY
      Free Demo,  202-342-0180,  sales@gams.com,  www.gams.com   DC0000


**** FILE SUMMARY

Input      /Users/williamheden/Documents/GitHub/Plani-Humanitaria/DatNigerBW.gms
Output     /Users/williamheden/Documents/GitHub/Plani-Humanitaria/DatNigerBW.lst
